Test TCP Server listening on 9998...
Luotsi connected from ('127.0.0.1', 35298)
Sending authentication request...
Auth response: [{'id': '__luotsi__init__test_port', 'jsonrpc': '2.0', 'method': 'initialize', 'params': {'capabilities': {}, 'clientInfo': {'name': 'luotsi-hub', 'version': '1.0.0'}, 'protocolVersion': '2024-11-05'}}, {'id': 1, 'jsonrpc': '2.0', 'result': {'authenticated': True, 'role': 'user'}}]
Waiting 5s for master node to spawn...
Sending message with NO explicit route (should fallback to master)...
Message sent. Check Luotsi logs for 'Forwarding to master node'.
Testing BLOCKED tool call (memory_mcp:save_fact)...
Testing ALLOWED tool call (cs_agent:reply)...
Waiting for final responses (3 seconds)...
Response: {'error': {'code': -32001, 'message': 'Access Denied: Unauthorized tool call'}, 'id': 3, 'jsonrpc': '2.0'}
Response: {'error': {'code': -32001, 'message': 'Access Denied: Unauthorized tool call'}, 'id': 4, 'jsonrpc': '2.0'}
